[www.instadp.com/instagram-tools/profile-picture-downloader.html]
[backblue.gif]
[fade.gif]
[index.html]
[www.instadp.com/images/facebook-share.png]
[www.instadp.com/images/favicon/apple-touch-icon.png]
[www.instadp.com/images/favicon/favicon-32x32.png]
[www.instadp.com/images/favicon/favicon-16x16.png]
[www.instadp.com/styles/stylese062.css]
[www.instadp.com/scripts/jqueryae52.js]
[www.instadp.com/scripts/functions8e0e.js]
[www.instadp.com/scripts/cookieb6f5.js]
[www.google.com/recaptcha/api.js]
[pagead2.googlesyndication.com/pagead/js/f2036.txt]
[www.instadp.com/instagram-tools/story-downloader.html]
[www.instadp.com/instagram-tools/reel-downloader.html]
[www.instadp.com/instagram-tools/video-downloader.html]
[www.instadp.com/instagram-tools/photo-downloader.html]
[www.instadp.com/images/articles/Disable-Anyone-from-Tagging-You-on-Instagram-without-Your-Permission.png]
[www.instadp.com/images/articles/How-to-Download-Instagram-Profile-Picture-in-its-Original-Quality.png]
[www.instadp.com/images/articles/How-to-Get-Notifications-from-Your-Favorite-Instagrammer.png]
[www.instadp.com/images/articles/5-Ways-to-Prevent-Your-Instagram-from-Being-Hacked.png]
[www.instadp.com/images/articles/What-are-Instagram-Story-Highlights.png]
[www.instadp.com/images/articles/How-to-Clear-Your-Instagram-Search-History.png]
[www.google-analytics.com/analytics.js]
[www.instadp.com/instagram-tools/profile-picture-downloader.html]
[www.instadp.com/styles/stylese062.css]
[www.instadp.com/images/articles/How-to-Add-Line-Breaks-into-Your-Bio-and-Captions-on-Instagram.png]
[www.instadp.com/images/articles/How-to-Download-your-Favorite-Instagram-Story.png]
[www.instadp.com/images/articles/guide-to-reposting-content-on-instagram.jpg]
[www.instadp.com/images/articles/Show-Your-Favorite-Instagram-Filters-First-Hide-the-Ones-You-Dont-Use.png]
[www.instadp.com/instagram-tools/story-downloader.html]
[www.instadp.com/images/articles/Save-and-Create-a-Collection-of-Your-Favorite-Instagram-Posts.png]
[www.instadp.com/instagram-tools/reel-downloader.html]
[www.instadp.com/images/articles/How-to-Remove-an-Instagram-Follower-without-Blocking-Them.png]
[www.instadp.com/images/articles/How-to-Check-if-You-Accidently-Liked-Any-Instagram-Posts.png]
[www.instadp.com/instagram-tools/video-downloader.html]
[www.instadp.com/images/articles/How-to-Disable-Comments-on-Your-Instagram-Posts.png]
[www.instadp.com/instagram-tools/photo-downloader.html]
